contact-form-7
all-in-one-seo-pack
jetpack
wordpress-seo
google-analytics-for-wordpress
google-sitemap-generator
akismet
wordpress-importer
gtrans
nextgen-gallery
yet-another-related-posts-plugin
addthis
wp-pagenavi
google-analyticator
seo-image
share-this
wp-to-twitter
wp-super-cache
wp-maintenance-mode
ultimate-tinymce
ready-ecommerce
smart-youtube
tinymce-advanced
breadcrumb-navxt
advanced-custom-fields
si-contact-form
woocommerce
sociable
qtranslate
wp-e-commerce
add-link-to-facebook
spam-free-wordpress
tubepress
dynamic-widgets
wordpress-backup-to-dropbox
wp-db-backup
page-links-to
wordpress-popular-posts
disqus-comment-system
testimonials-widget
google-analytics-dashboard
social-slider
relevanssi
embedplus-for-wordpress
hello-dolly
w3-total-cache
worker
wordpress-23-related-posts-plugin
theme-my-login
facebook
backupwordpress
wptouch
xhanch-my-twitter
bulletproof-security
underconstruction
really-simple-captcha
buddypress
social-networks-auto-poster-facebook-twitter-g
wp-photo-album-plus
wordbooker
better-wp-security
twitter-widget-pro
really-simple-facebook-twitter-share-buttons
image-widget
wysija-newsletters
seo-ultimate
events-manager
tweetmeme
flash-album-gallery
all-in-one-webmaster
contact-form-plugin
subscribe2
bbpress
wp-socializer
broken-link-checker
