contact-form-7
all-in-one-seo-pack
jetpack
wordpress-seo
google-analytics-for-wordpress
google-sitemap-generator
akismet
wordpress-importer
gtrans
nextgen-gallery
wp-super-cache
yet-another-related-posts-plugin
wp-pagenavi
addthis
google-analyticator
automatic-post-tagger
add-multiple-users
wp-coda-slider
genesis-toolbar-extras
site-background-slider
m-vslider
gravity-forms-custom-post-types
livejournal-importer
wats
social-popup
wp-to-top
addthis-welcome
import-users-from-csv
nivo-slider-light
rumbletalk-chat-a-chat-with-themes
rumbletalk-chat-a-chat-with-themes
socializer
google-map-shortcode
mf-gig-calendar
slickquiz
comment-reply-notification
top-commentators-widget
simple-facebook-comments
wordpress-countdown-widget
page-columnist
plugin-kontakt
web-fonts
wpgplus
author-hreview
allwebmenus-wordpress-menu-plugin
allwebmenus-wordpress-menu-plugin
u-twitter-widget
share-center-pro
easy-sign-up
column-shortcodes
gd-bbpress-attachments
bible-verse-display
plugins-language-switcher
google-mobile-sitemap
genesis-title-toggle
easy-spoiler
wp-missed-schedule
photospace
wordpresscom-importer
rebelmouse-widget
scribe
genesis-translations
related-posts-via-taxonomies
fontific
simple-social-bookmarks
iosec-anti-flood-security-gateway-module
seo-title-tag
disabler
theme-blvd-wpml-bridge
xml-sitemap-xml-sitemapcouk
meta-tags-optimization
column-matic
tumblr-widget-for-wordpress
calculatorpro-calculators
fancybox-gallery
genesis-favicon-uploader
read-more-right-here
daves-wordpress-live-search
wpms-mobile-edition
audio
easy-ftp-upload
mailz
redirect-by-custom-field
simple-image-widget
threewp-activity-monitor
404-to-start
embedly
sm-sticky-clicky-star
wp-cirrus
google-analytics-suite
multiple-content-blocks
google-analytics-suite
tipsy-social-icons
mini-mail-dashboard-widget
fcchat
wp-userlogin
ad-manager-for-wp
simple-cart-buy-now
wp-deals
menubar
simple-facebook-plugin
affiliate-link-cloaking
wp-dtree-30
my-weather
post-from-site
google-maps-gpx-viewer
frontend-uploader
tb-testimonials
post-views
additional-image-sizes-zui
simple-contact-form
contact-form-7-honeypot
multiple-featured-images
cachify
recent-posts-plus
popup
olimometer
page-links-single-page-option
wp-facebook-connect
prime-strategy-bread-crumb
facebook-like-thumbnail
order-up-custom-post-order
kwayy-html-sitemap
askapache-password-protect
safe-search-replace
wp-image-news-slider
advanced-random-posts-thumbnail-widget
best-contact-form-for-wordpress
tabbed-widgets
blogroll-rss-widget
seo-internal-links
uber-login-logo
imsanity
nextgen-gallery-colorboxer
co-authors-plus
all-in-one-facebook-plugins
custom-post-background
wp-external-links
islidex
thank-me-later
wp-render-blogroll-links
buddypress-mobile
genesis-featured-widget-amplified
table-of-contents-plus
rss-includes-pages
twitter-tracker
wordpress-wiki-plugin
buddypress-easy-albums-photos-video-and-music
wp-ajax-edit-comments
google-routeplaner
share-this
seo-image
wp-to-twitter
ultimate-tinymce
wp-maintenance-mode
ready-ecommerce
smart-youtube
tinymce-advanced
breadcrumb-navxt
advanced-custom-fields
si-contact-form
woocommerce
wp-e-commerce
sociable
w3-total-cache
qtranslate
wordpress-23-related-posts-plugin
worker
facebook
wptouch
xhanch-my-twitter
theme-my-login
backupwordpress
bulletproof-security
really-simple-captcha
wp-photo-album-plus
buddypress
underconstruction
social-networks-auto-poster-facebook-twitter-g
wordbooker
better-wp-security
image-widget
twitter-widget-pro
really-simple-facebook-twitter-share-buttons
wysija-newsletters
events-manager
seo-ultimate
wordpress-backup-to-dropbox
tweetmeme
flash-album-gallery
contact-form-plugin
bbpress
all-in-one-webmaster
subscribe2
broken-link-checker
wp-socializer
add-link-to-facebook
spam-free-wordpress
tubepress
wp-db-backup
iwp-client
dynamic-widgets
page-links-to
disqus-comment-system
easy-adsense-lite
wordpress-popular-posts
wp-stats-dashboard
embedplus-for-wordpress
google-analytics-dashboard
hello-dolly
redirection
testimonials-widget
relevanssi
lightbox-plus
newsletter
cardoza-facebook-like-box
social-slider
gallery-plugin
vipers-video-quicktags
antivirus
social-media-widget
wp-polls
wp125
regenerate-thumbnails
custom-contact-forms
all-in-one-event-calendar
simple-facebook-connect
wow-slider-wordpress-image-slider-plugin
backwpup
facebook-members
googleanalytics
user-role-editor
wp-postviews
wp-google-fonts
maintenance-mode
seo-automatic-links
wordpress-mobile-pack
video-playlist-and-gallery-plugin
the-events-calendar
smooth-slider
options-framework
wp-statistics
tweet-old-post
media-element-html5-video-and-audio-player
wp-google-maps
black-studio-tinymce-widget
widget-context
lightbox-gallery
slideshow-gallery
captcha
exclude-pages
easy-contact-forms
wordfence
the-fancy-gallery
add-to-any
peters-login-redirect
portfolio-slideshow
sexybookmarks
slideshow-jquery-image-gallery
disable-comments
ultimate-coming-soon-page
my-calendar
app-your-wordpress-uppsite
1-click-retweetsharelike
jigoshop
easyrotator-for-wordpress
search-and-replace
eshop
mailchimp
dynamic-to-top
admin-menu-editor
seo-alrp
widget-logic
newstatpress
wp-easy-gallery
wp-insert
fancybox-for-wordpress
wp-mail-smtp
slick-contact-forms
wp-dbmanager
facebook-button-plugin
wp-table-reloaded
facebook-like-box-widget
wp-members
digg-digg
all-in-one-favicon
si-captcha-for-wordpress
stats
blogger-importer
contact-form-manager
platinum-seo-pack
loginradius-for-wordpress
wp-no-category-base
jw-player-plugin-for-wordpress
pinterest-pin-it-button
wp-smushit
event-organiser
download-monitor
wp-multibyte-patch
gd-star-rating
floating-social-media-icon
network-publisher
wp-piwik
shareaholic
codestyling-localization
socialize
contact-form-7-to-database-extension
duplicate-post
option-tree
wp-noexternallinks
reveal-ids-for-wp-admin-25
wp-optimize
wp-security-scan
easing-slider
quick-cache
contactme
custom-field-template
chartbeat
hotfix
iframe
user-switching
timthumb-vulnerability-scanner
wp-postratings
meteor-slides
audio-player
custom-post-type-ui
comprehensive-google-map-plugin
sidebar-login
wponlinebackup
special-recent-posts
official-statcounter-plugin-for-wordpress
bad-behavior
theme-check
analytics360
wp-google-analytics
social-sharing-toolkit
easy-fancybox
google-xml-sitemaps-v3-for-qtranslate
woocommerce-all-in-one-seo-pack
quick-pagepost-redirect-plugin
wp-slimstat
wordpress-simple-paypal-shopping-cart
my-page-order
auto-thickbox-plus
ckeditor-for-wordpress
wp-lightbox-2
post-types-order
crayon-syntax-highlighter
cms-tree-page-view
head-cleaner
wassup
wp-facebook-open-graph-protocol
advanced-code-editor
pretty-link
simple-tags
s2member
searchterms-tagging-2
cardoza-wordpress-poll
leaflet-maps-marker
really-simple-twitter-feed-widget
jquery-colorbox
jquery-t-countdown-widget
antispam-bee
duplicator
secure-wordpress
wsi
search-everything
slickr-flickr
mingle-forum
limit-login-attempts
wp-filebase
soundcloud-shortcode
social-discussions
twitter-facebook-google-plusone-share
meta-box
cimy-user-extra-fields
exec-php
headspace2
cashie-commerce
google-xml-sitemap
facebook-comments-for-wordpress
track-that-stat
wordpress-ping-optimizer
ajax-thumbnail-rebuild
mappress-google-maps-for-wordpress
bp-template-pack
formidable
bwp-google-xml-sitemaps
wp-cycle
tac
video-thumbnails
rating-widget
polylang
editorial-calendar
wp-nivo-slider
google-sitemap-plugin
shortcodes-ultimate
nextgen-gallery-optimizer
wp-ui
user-photo
polldaddy
connections
exploit-scanner
twitter
newsletter-sign-up
shadowbox-js
newsletter-sign-up
social-media-icons
slick-social-share-buttons
adminimize
count-per-day
dmsguestbook
wp-minify
list-category-posts
promotion-slider
wp-youtube-lyte
youtube-embed
display-widgets
gravityforms-nl
google-document-embedder
contact-form-7-dynamic-text-extension
site-layout-customizer
contact-form-7-recaptcha-extension
async-social-sharing
buddypress-xprofile-custom-fields-type
simple-e-commerce-shopping-cart
social-profiles-widget
gpp-slideshow
no-page-comment
plugin-organizer
wp-followme
widget-settings-importexport
auto-seo
nrelate-most-popular
bootstrap-admin
json-api
bootstrap-admin
google-mp3-audio-player
vanilla-forums
user-submitted-posts
pagemash
buddypress-user-account-type-lite
wti-like-post
multisite-user-management
bulk-comment-remove
store-locator
simple-login-log
social-metrics
skysa-weather-for-us-widget
wangguard
background-per-page
wp-tweet-button
the-simplest-favicon
wp-flexible-map
wpsc-support-tickets
flickr-set-slideshows
wp-superb-slideshow
xml-google-maps
the-welcomizer
clean-options
cf7-calendar
insights
cardoza-3d-tag-cloud
baw-manual-related-posts
opengraph-and-microdata-generator
permalink-finder
advanced-wp-columns
woopra
local-time-clock
lockdown-wp-admin
nospamnx
twitter-widget
easy-timer
nmedia-user-file-uploader
wordpresscom-popular-posts
slideshow
wp-e-commerce-grid-view
import-html-pages
traffic-counter-widget
simple-image-sizes
simple-image-sizes
simple-sitemap
anyfont
bj-lazy-load
encyclopedia-lexicon-glossary-wiki-dictionary
advanced-permalinks
better-delete-revision
header-slideshow
wp-contactpage-designer
wp-e-commerce-fixed-rate-shipping
hide-login
quick-shop
contact-manager
image-horizontal-reel-scroll-slideshow
smart-slideshow-widget
wp-memory-usage
simple-popup-plugin
edit-flow
arscode-social-slider-free
ninja-page-categories-and-tags
social-essentials
no-category-parents
magic-fields-2
quttera-web-malware-scanner
google-news-sitemap-feed-with-multisite-support
nktagcloud
rejected-wp-keyword-link-rejected
wp-document-revisions
one-click-close-comments
woo-tumblog
woo-tumblog
dsero-anti-adblock-for-google-adsense
google-author-information-in-search-results-wordpress-plugin
rich-contact-widget
simple-facebook-share-button
toppa-plugin-libraries-for-wordpress
latest-twitter-sidebar-widget
subscribe2-widget
preserved-html-editor-markup
ultimate-follow-me
wp-music-player
inline-upload
mtouch-quiz
buddypress-activity-plus
drop-shadow-boxes
drop-shadow-boxes
jquery-easy-menu
posts-in-page
stout-google-calendar
yourls-wordpress-to-twitter
category-grid-view-gallery
komoona-advertising-cpm-adverts
better-backgrounds
appointment-calendar
wp-display-header
embed-facebook
wordpress-file-monitor-plus
webphysiology-portfolio
prime-strategy-page-navi
amazon-link
simple-page-sidebars
wp-downloadmanager
custom-login-page
bp-group-hierarchy
nextgen-public-uploader
page-tagger
ninja-forms
per-page-sidebars
google-maps-v3-shortcode
wp-login-box
social-stickers
updraftplus
magic-fields
sermon-manager-for-wordpress
the-social-links
image-pro-wordpress-image-media-management-and-resizing-done-right
upprev
fluid-video-embeds
displet-pop
wp-permalauts
web-ninja-google-analytics
like-box-widget-for-facebook
spostarbust
rotatingtweets
triberr-wordpress-plugin
facebook-feed-grabber
myarcadeblog
simple-tinymce-button-upgrade
wp-sticky
google-calendar-widget
readers-from-rss-2-blog
google-analytics-visits
wp-no-tag-base
rich-text-tags
wordpress-tweeter
fs-real-estate-plugin
loginza
social-share
wp-custom-admin-bar
meta-tag-manager
ad-codez-widget
anythingslider-for-wordpress
qtranslate-slug
duplicate-posts-remover
zingiri-forum
duplicate-posts-remover
wpmbytplayer
banner-effect-header
wordpress-simple-survey
event-calendar
wp-carousel
contact-form-7-widget
media-library-assistant
disable-wordpress-core-update
plugin-central
quick-flickr-widget
envolve-chat
keyword-statistics
pinterest-badge
nextgen-gallery-sidebar-widget
envolve-chat
wp-user-control
nimble-portfolio
related-posts
popular-widget
video-list-manager
live-chat
advanced-post-list
seo-smart-links
js-css-script-optimizer
popular-posts-plugin
digiproveblog
auto-terms-of-service-and-privacy-policy
all-in-one-cufon
email-before-download
captcha-code-authentication
lightview-plus
good-old-gallery
toolbar-to-share
buddypress-verified
wp-biographia
fotobook
posts-for-page
welcome-email-editor
awesome-ads
camera-slideshow
flash-video-player
horizontal-scrolling-announcement
onswipe
permalink-editor
slideshow-satellite
woocommerce-predictive-search
calais-auto-tagger
wp-most-popular
query-multiple-taxonomies
nice-search
buddypress-docs
amr-ical-events-list
buddypress-group-email-subscription
jquery-ui-widgets
backup-and-move
avh-first-defense-against-spam
wp-ajaxify-comments
accordion-shortcode
wp-about-author
google-translator
anti-spam
wp-sidebar-login
seo-data-transporter
terms-descriptions
advanced-menu-widget
subscribe-to-double-opt-in-comments
feedburner-email-subscription
wp-rss-poster
wp-skitter-slideshow
facebook-like-and-comment
authorsure
insert-headers-and-footers
custom-post-type-permalinks
custom-page
wp-limit-posts-automatically
xili-tidy-tags
flamingo
1-jquery-photo-gallery-slideshow-flash
admin-menu-tree-page-view
seo-automatic-seo-tools
follow-me
default-thumbnail-plus
smart-archives-reloaded
my-twitter-widget
contact-form-with-captcha
typekit-fonts-for-wordpress
statpress-community-formerly-statcomm
wordpress-prevent-copy-paste-plugin
sliding-youtube-gallery
rss-just-better
vertical-news-scroller
wp-coming-soon
redirect
woocommerce-nl
fixedly
pinterest-pinboard-widget
wp-post-to-pdf
child-pages-shortcode
open-external-links-in-a-new-window
baap-mobile-version
cat-tag-filter-widget
gts-translation
widget-builder
counterizeii
jquery-vertical-accordion-menu
white-label-cms
zemanta
ajax-event-calendar
booking
download-manager
feedwordpress
vslider
wp-recaptcha
wordpress-https
custom-login
auto-post-thumbnail
another-wordpress-classifieds-plugin
easy-table
oa-social-login
alo-easymail
simple-backup
my-category-order
link-library
commentluv
form-maker
types
sharebar
get-the-image
pods
rss-importer
slidedeck2
wp-simpleviewer
adsense-now-lite
configure-smtp
members
dropdown-menu-widget
custom-sidebars
visual-form-builder
user-access-manager
statpress
gantry
role-scoper
search-meter
wp-survey-and-quiz-tool
powerpress
jquery-mega-menu
automatic-seo-links
php-code-widget
easy-digital-downloads
ad-injection
ultimate-gallery
wp-cumulus
podpress
lightbox-pop
use-google-libraries
faster-image-insert
hyper-cache
background-manager
seo-facebook-comments
wp-paginate
login-security-solution
wp-jquery-lightbox
nrelate-related-content
q-and-a
facebook-twitter-google-plus-one-social-share-buttons-for-wordpress
login-lockdown
theme-test-drive
wp-copyprotect
wp-copyright-protection
baw-post-views-count
wp-mobile-detector
sitemap
business-directory-plugin
video
simple-lightbox
wp-syntax
page-flip-image-gallery
wpcat2tag-importer
related-posts-thumbnails
intensedebate
velvet-blues-update-urls
email-newsletter
xcloner-backup-and-restore
buddypress-media
display-posts-shortcode
nivo-slider-for-wordpress
db-cache-reloaded-fix
facebook-comments-plugin
thecartpress
ps-auto-sitemap
google-maps-widget
mobile-website-builder-for-wordpress-by-dudamobile
lazy-social-buttons
wpremote
advanced-excerpt
google
add-local-avatar
easyrecipe
content-slide
bm-custom-login
facebook-likebox-widget
rustolat
login-with-ajax
quick-chat
wpstorecart
oqey-gallery
allow-php-in-posts-and-pages
nextgen-scrollgallery
file-gallery
html5-jquery-audio-player
bigcontact
wordpress-social-ring
wp-rss-multi-importer
cross-linker
wordpress-amazon-associate
gotmls
calendar
custom-permalinks
wp-ultra-simple-paypal-shopping-cart
quick-adsense
ph-gallery
user-avatar
p3-profiler
simple-local-avatars
rps-image-gallery
adsense-plugin
twitter-plugin
lazyest-gallery
simple-301-redirects
events-made-easy
category-posts
cool-video-gallery
the-auto-image-resizer
google-calendar-events
wufoo-shortcode
genesis-simple-hooks
wordpress-firewall-2
wp-featured-content-slider
growmap-anti-spambot-plugin
cbnet-ping-optimizer
youtube-channel
advanced-access-manager
wp-super-popup
cart66-lite
rvg-optimize-database
events-calendar
content-aware-sidebars
ozh-admin-drop-down-menu
soliloquy-lite
extended-categories-widget
facebook-page-promoter-lightbox
shortcode-exec-php
fullscreen-galleria
wpaudio-mp3-player
ecwid-shopping-cart
easy-columns
social-media-tabs
custom-post-template
fancy-box
add-meta-tags
front-end-editor
visitor-maps
ktai-style
wp-recentcomments
dp-maintenance-mode-lite
wp-migrate-db
kimili-flash-embed
video-sidebar-widgets
simplemodal-login
instapress
dynamic-content-gallery-plugin
facebook-like-button
wordpress-video-plugin
widgets-on-pages
cloudflare
wordpress-mu-domain-mapping
contextual-related-posts
clicky
jquery-collapse-o-matic
wordpress-ez-backup
font
profile-builder
amazon-affiliate-link-localizer
kk-star-ratings
wp-customer-reviews
featured-content-gallery
syntaxhighlighter
printfriendly
wp-social-bookmarking-light
wordpress-beta-tester
no-category-base-wpml
infinite-scroll
photosmash-galleries
facebook-awd
clickdesk-live-support-chat-plugin
wordpress-form-manager
store-locator-le
html-javascript-adder
weather-and-weather-forecast-widget
fbf-facebook-page-feed-widget
codepress-admin-columns
wp-portfolio
twitter-tools
thethe-image-slider
addquicktag
login-logo
google-image-sitemap
wp-sliding-login-register-panel
wp-lightbox
wordpress-facebook-like-plugin
myrepono-wordpress-backup-plugin
facebook-and-digg-thumbnail-generator
embed-youtube
simple-google-analytics
themefuse-maintenance-mode
smart-manager-for-wp-e-commerce
feedburner-form
jquery-lightbox-for-native-galleries
organize-series
duoshuo
wp-online-store
simple-adsense-inserter
wordpress-social-login
list-pages-shortcode
komoona-ads-google-adsense-companion
mce-table-buttons
wp-twitter
wp-pagenavi-style
seo-auto-linker
slidedeck-lite-for-wordpress
plugnedit
mechanic-visitor-counter
backup
simple-page-ordering
counterize
genesis-simple-edits
mp3-jplayer
genesis-responsive-slider
simple-history
wpbook
peters-collaboration-e-mails
maintenance
taxonomy-terms-order
super-simple-google-analytics
subscribe-to-comments
404-redirected
wp-editor
header-footer
flash-mp3-player
watermark-reloaded
add-logo-to-admin
youtuber
recent-facebook-posts
video-embed-thumbnail-generator
instagram-for-wordpress
popularity-contest
easy-nivo-slider
easy-instagram
cimy-header-image-rotator
statpress-visitors
ultimate-maintenance-mode
wp-php-widget
wp-translate
facebook-share-new
photonic
feedburner-plugin
wordpress-ecommerce
simple-google-sitemap-xml
jj-nextgen-jquery-slider
zopim-live-chat
dsidxpress
add-from-server
automatic-youtube-video-posts
content-connector-connect-your-wordpress-contents
wp-cleanfix
contact-us
bbpress-like-button
wp-complete-backup
wp-swfobject
tweet-blender
seo-rank-reporter
youtube-sidebar-widget
social-polls-by-opinionstage
cleaner-gallery
custom-post-widget
bd-hit-counter
fancier-author-box
wickett-twitter-widget
multiple-post-thumbnails
translate-this-button
gtmetrix-for-wordpress
jetpack-lite
haiku-minimalist-audio-player
what-would-seth-godin-do
wp-invoice
ultimate-landing-page-and-coming-soon-page
related-posts-slider
catablog
facebook-page-photo-gallery
social-share-buttons
contact-form-7-newsletter
simple-featured-posts-widget
debug-bar
adminer
invite-anyone
post-expirator
fix-rss-feed
wiziapp-create-your-own-native-iphone-app
synved-shortcodes
google-custom-search
fckeditor-for-wordpress-plugin
user-registration-aide
buddypress-links
global-admin-bar-hide-or-remove
like-button-plugin-for-wordpress
author-avatars
spider-calendar
flexi-pages-widget
all-video-gallery
flexi-pages-widget
top-10
stop-spammer-registrations-plugin
wp-e-commerce-dynamic-gallery
wp-calendar
sweetcaptcha-revolutionary-free-captcha-service
addthis-follow
event-calendar-scheduler
wysiwyg-widgets
sitemap-generator-wp
paid-memberships-pro
rewrite-rules-inspector
custom-admin-branding
usernoise
mobilepress
wp-captcha-free
usernoise
collapsing-categories
wp-pinterest
hit-sniffer-blog-stats
mini-twitter-feed
strictly-autotags
wp-page-widget
vkontakte-api
oembed-html5-audio
cookie-control
wordpress-seo-rank
magazine-columns
wp-mashsocial-wigdet
event-espresso-free
event-espresso-free
movabletype-importer
autochimp
automatic-updater
tabber-tabs-widget
statpress-reloaded
wpcu3er
wp-htaccess-control
google-privacy-policy
cos-html-cache
chat
user-meta
wp-video-posts
groupdocs-viewer
schreikasten
constant-contact-api
wp-thumbie
wp-crm
free-stock-photos-foter
cms-page-order
pixopoint-menu
google-analytic
bwp-minify
image-banner-widget
seo-wordpress
super-simple-contact-form
genesis-widgetized-footer
configurable-tag-cloud-widget
wp-bulletin-board
tweetily-tweet-wordpress-posts-automatically
milat-jquery-automatic-popup
wp-print
bbpress-admin-bar-addition
capability-manager-enhanced
jj-nextgen-jquery-carousel
j-shortcodes
quick-box-popup
form
similar-posts
jsl3-facebook-wall-feed
post-thumbnail-editor
opml-importer
amazon-auto-links
wishpond-social-campaigns
wp-orbit-slider
wp-orbit-slider
transparent-image-watermark-plugin
simple-popup
search-regex
contact-form-7-modules
ep-social-widget
fg-joomla-to-wordpress
audio-player-widget
any-mobile-theme-switcher
fancy-heaer-slider
mingle
wp-connect
rpx
inboundwriter
multiple-galleries
news-announcement-scroll
multiple-galleries
scrollto-top
gc-testimonials
facebook-like-box
subscribe-connect-follow-widget
thickbox
social-linkz
wapple-architect
youtube-shortcode
livefyre-comments
admin-bar-disabler
multilingual-press
youtube-feeder
wordpress-gallery-plugin
youtube-feeder
quick-contact-form
wp-slimbox2
wp-hide-dashboard
woocommerce-admin-bar-addition
cubepoints
buddypress-ajax-chat
cyr2lat
wp-special-textboxes
fatpanda-facebook-comments
easyreservations
simple-seo
skype-online-status
official-google-site-verification-plugin
ad-squares-widget
wp-native-dashboard
linkable-title-html-and-php-widget
responsive-select-menu
yarpp-experiments
gregs-high-performance-seo
fluency-admin
wp-hide-post
gd-taxonomies-tools
social-connect
add-rel-lightbox
facebook-simple-like
facebook-button
wp-ban
instagrate-to-wordpress
custom-headers-and-footers
leaguemanager
daily-stat
wonderm00ns-simple-facebook-open-graph-tags
vimeo-channel-gallery
ag-custom-admin
extended-comment-options
map-categories-to-pages
like
easy
hl-twitter
tippy
custom-recent-posts-widget
image-store
menu-master-custom-widget
jquery-image-lazy-loading
mail-list
woocommerce-facebook-share-like-button
ajaxy-search-form
enhanced-text-widget
term-management-tools
affiliates
html5-mp3-player-with-playlist
shutter-reloaded
nextgen-gallery-custom-fields
pubsubhubbub
breezing-forms
posts-to-posts
reflex-gallery
follow
yak-for-wordpress
advanced-category-excluder
thumbnail-for-excerpts
vimeography
efficient-related-posts
bp-album
ajax-contact
ultimate-category-excluder
subscribe-to-comments-reloaded
simple-contact-form-revisited-plugin
wp-backgrounds-lite
twitter-for-wordpress
wpmarketplace
related-posts-via-categories
juiz-last-tweet-widget
wp-e-commerce-catalog-visibility-and-email-inquiry
wp-htaccess-editor
google-maps
wp-auto-affiliate-links
thethe-tabs-and-accordions
wp-conditional-captcha
appointy-appointment-scheduler
cookie-law-info
cubepoints-buddypress-integration
rss-footer
auto-featured-image
photo-galleria
pagerestrict
nrelate-flyout
advanced-sidebar-menu
simple-social-expandable
visits-counter
microkids-related-posts
comment-guestbook
members-only
itempropwp
twitter-goodies-widgets
wp-fontsize
groups
wordpress-language
wordtwit
g-lock-double-opt-in-manager
yet-another-photoblog
html-sitemap
feedburner-email-widget
wp-google-drive
feedburner-email-widget
pricetable
brankic-social-media-widget
tilt-social-share-widget
contus-video-gallery
ultimate-facebook-comments-email-notify
wp-content-slideshow
nextgen-gallery-voting
php-code-for-posts
full-page-full-width-backgroud-slider
wordpress-mobile-edition
swfobj
carousel-without-jetpack
facebook-likes-you
wp-total-hacks
