twentyeleven
twentytwelve
responsive
twentythirteen
twentyten
customizr
sixteen
hueman
swift-basic
expound
attitude
alexandria
vantage
virtue
destro
wordousel-lite
freizeitler-nonpurista
mmistique
whitepress
animass
music-illustrated
room-34-baseline
worldoweb
soft-team
dylan
impatience
marchie-candy
mypapers
basal
finojaho
blue-fade
cubismo
waltz-with-bashir
modernity
musa-sadr
y
tembesi
clean-news
black-glass
techy-people
garland-revisited
zfirst
the-enhancing-spring-tes
iflukantur
simply-pink
musa-sadr
y
tembesi
clean-news
zfirst
black-glass
techy-people
garland-revisited
the-enhancing-spring-tes
iflukantur
simply-pink
in-brine
simplixity
so-fresh
viking
garland-revisited
zfirst
black-glass
techy-people
the-enhancing-spring-tes
iflukantur
simply-pink
in-brine
so-fresh
simplixity
lemming
viking
rgblite
fog
lb-mint
aggiornare
underground-film
me3
philna
js-paper
blueprint-theme
pretty-spots
annexation
staypressed
aav1
m
zsofa
sea-cruise
pink-4-october
fluvio
pretty-spots
blueprint-theme
staypressed
annexation
m
aav1
zsofa
sea-cruise
fluvio
locket
pink-4-october
food-recipe
thirtyseventyeight
deep-mix
march-star
christmas-2008
victoriana
greymonger-theme
crafty
in-the-clouds
contender
lyndi1
valentine
frog-log
gchrome
cammino
liberty
bluecube
horisontal
page-balloon
videographex
idiandong
page-tiny
mini
prime
blackbrown
bluejay
anvil
exile
contender
lyndi1
valentine
cammino
frog-log
gchrome
blue-clean
j2-simple
fortissimo
simple-jonathan
pl00
picklewagon
publicizer
tarimon-black1
fabricpress
disciple
blue-steel
hair-tyson
codescheme_blue
blue
minion
plainmagic
tarimon-black1
fabricpress
disciple
blue-steel
hair-tyson
codescheme_blue
blue
minion
yway
dojo
just-kite-it
tundra-theme
core
password
altis-fx
simpleindo
sky-blue
ultralight
bwd-1
white-boxes
magazine-drome
wpcomic
one
big-red-framework
officefolders
y2k
horizontal-theme
31three
son-of-blue
easy-view
infimum
essentially-blue
the-content-blue
ghostwriter
buddytheme
son-of-blue
freizeitler-especiegrafica
31three
macpress
simplepress-2
gears-and-wood
no-frills
homywhite
whispy-blue
real-estate-blog
bluefantasy
future-day
sepia
imstillrunningdave
scribblings
the-next-lvl
a-daring-inspiration-theme
rounded-blue
eyebo
clean-and-plain
starocean
coralis
benny
carbon-coder
mmcrisp
blueblack-theme
integrati
x-effect
simplegray
bering
zenpro
carbon-coder
benny
blog-curvo
aquasunny
very-english
gleance
aquablock
wplight-theme
easyone
simplev
simple-lines
bwd-2
downtown-night
mmcrisp
blueblack-theme
integrati
x-effect
simplegray
zgrey
darwin
bito
rusty-grunge
3colours
rusty-grunge
driftwood
3colours
zkrally
be-berlin
blueez
cloudy-night
curve
universal-web
front-page
simpcalar
simplistix
hamid-bakeri
silhouette
dynamic-dream
notepad-theme
surreal-reality
rachel
vista
notepad-theme
surreal-reality
rachel
vista
potala
perdana
modern-blue-style
fadonet-alien
dark-ornamental
vistalicious
this-just-in
alkivia-chameleon
techno-plain
rockout
smooth
minimahl
design-notes
nocturnal
states
bold-life
buddymatic
cleanroar
fishy
pangea
less-is-less
autumn-blue-jeans
cogworks
blue-grey-white
hazom-chair
carbonize
evening-sun
businessxpand_twieme
director-theme
fsk141-framework
iphonelike
simple-chrome
gray-and-gold
blue-modern
think-me
torn
colormagic
catastrophe
silent-blue
la-school-blue
tandil
langitbiru
karappo-style
simpledark
mazeld
dark-temptation
kolorful
icandy
wappos
page-style
facebookwb
tyson-black
blue-lucas
typogriph
seventy
brblack
omegax
carrington-text
anonymous-elegance
tandil
new-web
greatideas
abov
build
dreamline
deerawan-cloudy
plaza
light-and-modern
clean-press
xioletter
black-splat-wr
plaza
light-and-modern
black-splat-wr
clean-press
xioletter
itech
parchment-draft
jarrah
tree-house
minimalistic
iphone-wordpress-theme
black-n-white
wheat-lite
tlight
easytheme
seawater
darkmystery
plaza
light-and-modern
black-splat-wr
clean-press
xioletter
itech
parchment-draft
jarrah
tree-house
minimalistic
iphone-wordpress-theme
black-n-white
wheat-lite
tyson-pro
sonne
this-christmas
js-o1
page-shippou
one-simplemagazine
techblue-adsense-ready-theme
artsavius-blog
kis-keep-it-simple
a
renegade
company-website-001
jonk
blocks
simple-indy
this-christmas
js-o1
sonne
techblue-adsense-ready-theme
artsavius-blog
page-shippou
one-simplemagazine
a
renegade
company-website-001
kis-keep-it-simple
blocks
jonk
simple-indy
grey-matter
kis-keep-it-simple
a
jonk
blocks
simple-indy
applex
get-some
wpelegance2col
stheme
elegant
untheme-two-column
greenie
ink-and-wash
sthblue
nocss
aestival
namib
wp-brown
riva
surreal
bahama
yadayada-minimalismus
myblogstheme
nice-wee-theme
wp-bats-theme
minimoo
christmas-waltz
businessxpand_duo
philna2
space
riva
surreal
bahama
yadayada-minimalismus
nice-wee-theme
myblogstheme
minimoo
wp-bats-theme
philna2
christmas-waltz
businessxpand_duo
space
ambergreen
businessxpand_multicol
girly
christian-sun
moseter
ilookgood
js-o3-lite
losemymind-ii
vibe
greentweet_extend
michael-forever
noise
under-the-sea
ggsimplewhite
magnolia
elegant-glass
strapped
serenity
ambergreen
businessxpand_multicol
girly
unspeakabledogness
corp
wp_edublog
jakobian
whiteplus
zeta-zip
justcss
lime-radiance
hello-d
christian-sun
moseter
ilookgood
michael-forever
under-the-sea
noise
ggsimplewhite
magnolia
diary-k
misanthropic-realm
thin-mint
first-lego-league-official
cp-minimal
zen-garden
hinagata
smoked
wordsmith-blog
mydaysofamber
42k
renegade-ii
louisebrooks
wordousel-lite
freizeitler-nonpurista
mmistique
whitepress
room-34-baseline
animass
music-illustrated
soft-team
worldoweb
dylan
impatience
marchie-candy
spun
mantra
twentyfourteen
ridizain
buzz
coraline
omega
dms
ifeature
sugar-and-spice
coller
mesocolumn
parabola
inkness
tempera
eclipse
sundance
evolve
wp-simple
corpo
nictitate
raindrops
travelify
inkzine
phonix
weaver-ii
origami
wp-opulus
point
pinboard
catch-box
neuro
sunspot
fine
parament
pilcrow
asteria-lite
bouquet
dusk-to-dawn
custom-community
origin
iribbon
fruitful
esquire
chaostheory
beach
opulus-sombre
pink-touch-2
decode
duster
boldr-lite
lizardbusiness
isis
next-saturday
ward
mh-magazine-lite
sunny-blue-sky
business-lite
zeedynamic
preus
graphene
unite
contango
wp-advocate
iconic-one
invert-lite
portfolio-press
writr
steira
x2
tonic
magazine-style
bushwick
tanzanite
viper
newp
spasalon
openstrap
spartan
frontier
strapvert
parallax
biznez-lite
shopping
celestial-lite
atahualpa
rundown
zeetasty
minimatica
anarcho-notepad
gridster-lite
cyberchimps
suffusion
oxygen
blox
primo-lite
pilot-fish
weavr
family
wp-barrister
raptor
duena
forestly
minimize
magazine-basic
simple-catch
sensitive
busiprof
discover
clean-retina
sorbet
cirrus
d5-socialia
limelight
bizsphere
magazino
leatherdiary
frau
newtek
hatch
hatch
one-page
church
fresh-lite
highwind
snaps
yoko
aldehyde
forever
thematic
bizflare
boot-store
snapshot
travel-blogger
raven
bizark
adamos
pr-pin
dzonia-lite
reizend
catch-everest
appointment
teal
tiny-forge
gamepress
analytical-lite
preference-lite
pagelines
newdark
estate
reviewgine-affiliate
blue-planet
aspen
colorway
hazen
suevafree
blankslate
designfolio
fixy
surfarama
privatebusiness
dw-minion
gold
elisium
epic
firmasite
terrifico
gridbulletin
venom
blackbird
bueno
p2
hypnotist
journalism
bizkit
bootstrap-ultimate
zeeflow
onecolumn
carton
meadowhill
catch-evolution
sigma
fastr
silverclean-lite
hero
multiloquent
quark
restaurateur
zeenoble
platform
gridiculous
adelle
zeestyle
formidable-restaurant
activetab
chooko-lite
bresponzive
wp-creativix
leniy-radius
newlife
stargazer
sporty
max-magazine
themia-lite
photolistic
ready-review
sliding-door
esell
dw-wallpress
intuition
theron-lite
zalive
modern-estate
klasik
bizstudio-lite
butterbelly
zbench
travel-lite
admired
pinbin
envision
zeefocus
bizantine
current
esplanade
andrina-lite
byblos
blogolife
crates
bizway
zeeminty
focus
childishly-simple
blogly-lite
bota
zenon-lite
ascetica
supernova
redify
bearded
response
rtpanel
zeebusiness
techism
autofocus
montezuma
blogbox
fashionistas
frisco-for-buddypress
academica
syntax
blogotron
simpleo
medicine
startupwp
twilight-crown
floristica
alpha-source
produccion-musical
fresh-editorial
silent-film
citizen-kane
corporate-globe
minimalist
saffron
daleri-sweet
memori-jingga
comment-central
belle
sturd
white-xmas
illustrative
hjemmeside
peach-fractal
rakalap
graffitti-wall
billions
nishita
lagom
piggie-bank
apricot
the-frances-wright
a-little-touch-of-purple
partnerprogramm
kitten-in-pink
2013-orange-sequence
three-column-blue
ilost
matisse
graffitti-wall
billions
nishita
lagom
piggie-bank
apricot
openair
medieval
snag
elegant-box
adept
openair
medieval
snag
elegant-box
adept
kore
flat-portfolio
idream
color-splash
corporate-theme-v2
simplebeauty
wolf
bloxy
repez-red
terminally
emptiness
adsimple
repez-red
bloxy
terminally
pulsepress
diary-cute
media-master
one-day-at-a-time
tyler
orange-flower
my-buddypress
paramitopia
red-delicious
open-sourcerer
eco
black-with-orange
annotum-sans
jnb-multicolor-theme
whitehouse
orange-flower
my-buddypress
paramitopia
red-delicious
open-sourcerer
shine
gitem
thistle
sakura
europe
red-delicious
open-sourcerer
shine
voidy
moonbeams
mflat
new-balance-of-blue
for-women-female
jas-personal-publisher
simple-china
white-paper
skulls
yashfa
simplicity
machine
machine
greyville
sh-trocadero
undedicated
azpismis
clean-and-clear
outside-the-box
minimous
artistic
bloggable
written
tdblu
fazio
p2-categories
thetalkingfowl
bloggable
written
tdblu
fazio
orangejuice
glossyred
soho-serenity
halftone
page-photo
jasov
zwei-seiten
opus-primus
maiden-voyage
lamya
sutra
wp-strapblogger-lite
sirup
corner
starburst
seo-basics
jukt-micronics-buddypress-buddypack
modmat
tsokolate
subsimple
san-fran
what-so-proudly-we-hail
night-royale
candid
liasorangec
big-city
san-fran
what-so-proudly-we-hail
js-o4w
patagonia
hanami
set_sail
hellosexy
mountain-dawn
wordstrap
cbfour
coronado
flint
mybook
zindi
guangzhou
grainyflex
luxury-press
tashan
js-o4w
patagonia
simplest
extreme-typewriter
modesty
simplistic-blue
kangaroo
bad-mojo
darkbasic
businessxpand_loupe
l2aelba-2
jessica-fletcher-redux
businessxpand_loupe
l2aelba-2
dear-diary
jessica-fletcher-redux
greenblog
fancy
juicyroo
dragonskin
curved-air
tickled-pink
shades-of-gray
stripes-theme
azure-basic
meadowland
batik
stripes-theme
azure-basic
meadowland
batik
tranquil-reflections
simple-mag
grayscales
classic
airmail-par-avion
descartes
dewdrop
the-scenery
gonzo-daily
sunset
sidebarssuck
in-berlin
blue-mist
acms
pretty-parchment
letspanic
wp-eden
accountant
indo-blogazine
grunger
the-lord-of-the-rings
a-kelleyroo-halloween
anand
blackneon
synergy
the-essayist
the-lord-of-the-rings
a-kelleyroo-halloween
anand
blackneon
the-essayist
synergy
jooc
retweet
seismic-slate
johnloan
stunning-silence
tweetsheep
10pad2-rising-sun
basic-simplicity
northern-lights
10pad2-rising-sun
basic-simplicity
webbdesign
master
cherry-dreams
nostalia26
shadowbox
8some
borderpx
php-ease
pink-and-purple
shades-of-blue
omague
inblu
blue-and-grey
master
cherry-dreams
nostalia26
shadowbox
8some
borderpx
php-ease
pink-and-purple
shades-of-blue
omague
inblu
skinbu
lunatic-fringe
pinknpurple
nanoplex
pellucid-dashed
7color
svelt
santra
dark-water-fall
artblog
pundit
coaster
white-top-show
kirby
autumn-leaves
rubix
gold-pot-theme
simple-green
blogaholic-blue
open-pages
christmas-joy
adams-razor
polos
rubix
gold-pot-theme
simple-green
blogaholic-blue
dark-wood
sharp-orange
wasteland
palmixio
clean-simple-white
green-one
boldly-go-blue
ministry-free
b-side
wp-perfect
deshnok
overdose40
desk
steampunk
cleanfrog
caribou
bubblepress
kuulblack
pupul
paper3
aurora
silverback
flew
biotodoma
beauty
bluemod
heatmap-adsense-theme
tribune
daily-minefield
black-lucas
roughdrive
watercolor
heartland
minimal-georgia
simple-round
viala
relax
pahlawanweb
magicbackground
typographywp
travelogue
olivia
keke
drochilli
fixed-blix
basic2col
angler
l2aelba-1
blackglobe
kinyonga
web-20-simplified
graveyard-shift
blackout
green-hope
daily-minefield
black-lucas
roughdrive
watercolor
heartland
minimal-georgia
simple-round
photog
reference
tdgalactica
fifty-fifth-street
flow
wp-portaltheme
nightskyline
notes-blog-core-theme
eximius
femme-flora
webmagazine
reference
photog
tdgalactica
fifty-fifth-street
flow
wp-portaltheme
rapid
portal-colorido
devart
simpleblocks
trans-travel
nightskyline
notes-blog-core-theme
writers-blog
bubbles-squared
rugged
atmospheric-augmentation
dark-autumn
nightly
blue-drop
manhattan
spicy-typography
clockwork
aplau
dovetail
rugged
atmospheric-augmentation
dark-autumn
nightly
blue-drop
manhattan
spicy-typography
clockwork
dovetail
aplau
jules-joffrin
regal
italicsmile
dusk-till-dawn
paperpunch
content
grunge-music
regal
dusk-till-dawn
italicsmile
paperpunch
light-green
floatinglight
virtual-sightseeing
noir
green-trilobita
christmas-is-near
modern-style
colorful-motive
powerful-pink
parquetry
newsprint
beardsley
content
grunge-music
breathe
small-business-seo
bombay
5-years
simple-blue
width-smasher
holistic-teahouse
theme-latobi-ii
springboard
black-board
rbox
underwater
precious
metrowp
moonlight
coolblue
damasking
spooky
breathe
straight-up
filmix
violinesth
neutra
embrace
fresh
nettigo-brown
building-blocks
wild-flower
dynamiccolor
freedream
warmth
the-buffet-framework
wikiwp
oxydo
soccer
lime-slice
bigred
blue-server
adstyle
straight-up
metronome
nettigo-brown
serious-blogger
building-blocks
wild-flower
dynamiccolor
freedream
warmth
china-red
fluid-blogging
blue21
mnml
offset-writing
black-urban
factoryreset
fluid-blogging
blue21
mnml
offset-writing
black-urban
factoryreset
twordder
ani-world
premium-modern-orange
be-berlin
bluefreedom
blueez
cloudy-night
curve
universal-web
q-press
peruns-weblog
green-island
be-berlin
bluefreedom
blueez
cloudy-night
universal-web
curve
front-page
simpcalar
eviro
mixtape
not-so-serious
modern-notepad
startupwp
sukelius-magazine
wordplus
suits
zeebizzcard
voyage
zeesynergie
serene
pitch
flounder
blue-river
aquarius
ming
future
bicubic
lugada
birdsite
tuned
figero
reddle
simplicity-lite
brightnews
the-falcon
adventure
wiziapp-smooth-touch
untitled
blain
golden-eagle-lite
obscura
sampression-lite
piedmont
xin-magazine
enough
celebrate
emphaino
asteroid
d5-business-line
neutro
startup
spine
pinpress
expressions
imag-mag
pr-news
fluxipress
quintus
progeny-mmxiv
codium-grid
landscape
flato
clearly
the-landing-page
camp
careta
kirumo
dellow
simplify
dailypost
d5-design
timeturner
mystique
the-bootstrap
timeturner
hiero
leaf
travel-in-italy
infoway
zborder
delicate
road-fighter
pinzolo
path
book-lite
pictorial
delighted
earth
comicpress
irex-lite
attorney
advantage
slimwriter
book-inspiration
acitpo
undiscovered
squirrel
docu
toommorel-lite
photo-book
promax
innovative
small-business
prana
encounters-lite
appliance
live-wire
anjirai
ibuddy
zeemagazine
photologger
desk-mess-mirrored
mixfolio
gommero
photographic
whimsical-love
nova-lite
picolight
picturesque
buttercream
wpcrest
superhero
hybrid
shop-front
vortex
pandora
ari
noteworthy
luminescence-lite
cloriato-lite
wrock-metro
misty-lake
columbus
rustic
bold-headline
lobster
adventure-journal
heatmap-adaptive
yume
thememagic
unique
bits
osiris
multipurpose
typal-makewp005
simplyblack
clean-yeti-basic
hum
blaskan
nuviorevolt-blue
wp-headr
shprink-one
zippy
darkorange
music
willingness
polaroids
fotogram
ryu
manchester
zeevision
wp-rootstrap
semper-fi-lite
icy
liquorice
marla
tampa
smartadapt
priimo
my-lovely-theme
picture-perfect
displace
target
foto
striker
phat
melany
melany
shell-lite
visual
kippis
my-blue-construction
bandana
alpha-trinity
columnist
northern-clouds
alhena-lite
puddle
brightpage
convention
ever-after
modularity-lite
pieces
gule
snowblind
poloray
classic-chalkboard
mygrid2
nusantara
origami-paper
tarski
typefocus
polar-lite
refresh
my-world-with-grass-and-dew
desire
f8-lite
desire
chunk
ezyreader
retina
nuntius
restaurant
my-flatonica
tesla
albinomouse
sublime-press
darke
jbst
devdmbootstrap3
hostmarks
inove
online-marketer
mckinley
tungsten
boilerplate
mon-cahier
d5-corporate-lite
quickpic
carrington-mobile
pachyderm
absolum
quickpress
shipyard
koenda
triton-lite
codium-extend
fragrance
the-skeleton
zeedisplay
elegantwhite
magicblue
tiga
elegant-grunge
glossy-stylo
titan
delicacy
fanwood
fresh-ink-magazine
simple-style
skylark
newschannel
newschannel
constructor
oriental
magazine
empo
retro-fitted
zeecorporate
skirmish
accessible-zen
techozoic-fluid
mog
avedon
ice-fresh
greener-side
shop
my-zebra
ilisa
visitpress
bootpress
wordpost
hellish-simplicity
painter
screens
plain-wp
awakening
silver-spot
boozurk
black-green
flatty
photosmyth
cwp-megaresponsive
romangie
pixel
just-pink
scylla-lite
tropicala
shoot-it
evanescence
progression
inline
san-kloud
cuttlefish
bitlumen
mantel-lite
krakatau
revised
lazy-sunday
paradise
martin
alkalia
comet
blocomo
darwin-buddypress-buddypack
central
stark-lite
inkblot
stripefolio
storefront-paper
impressio-lite
p3
galaxy
storefront-paper
naturefox
avatar
barthelme
decoder
revolution-code-blue
inthedistance
sandbox
arzine
pixiv-custom
allmed
studiopress
surface
multi
akyuz
green-theme
argonia
plaintxtblog
sepfyre
colorsnap
emerald
organik
oriental-writing
jeans
2013-black-and-white
summ
revolt-basic
2013-blue
toothpaste
wallpapered
motion
redtime
b3
morphic
museum-core
minimalizine
bluebird
papyrus
coogee
greenpoint-milanda
indore
penumbra
eden-fresh
penumbra
eden-fresh
minimal
tydskrif
traction
nu-white
obandes
ice-cap
kepler
generous
spectrum
reddish
andyblue
stripes-and-blue
vertimagazine
stripes-and-blue
secluded
trvl
wsc6
r2d2
eino
arclite
cw-red
dogs-life
curation
lycanthropy
swedish-greys
traffica
engineering-and-machinering
light-clean-blue
warm-home
ahimsa
sleek-black
ghostbird
blogtxt
kreativ
vista-like
dyne
generic-framework
dkret3
bw
istudio-theme
wallow
swiss
photo-addict
uridimmu
minimag
gemer
mystyle
warmwinter
roundtable
oenology
sienna
bartleby
rembrandt
zenlite
wp-castle
color-palette
blocomotwo
patchwork
cwp-robi
springfestival
modern-blue
semprul
desaindigital
grunge-wall
charcoal
funky-green
auto-dezmembrari
simplr
simple-wp-community-theme
the-erudite
eureka
facade
crafty-cart
simplicitybright
timeless
omnommonster
coffee-time
deepblue
lightword
relik
amerifecta
adsticle
skyfall
fiore
heavy
zack-990
prototype
eos
keiran
skyfall
fiore
heavy
accessible-onetwo
neni
mybaby
wp-straphero
waterside
page
gray-base-plate
cordobo-green-park-2
sixhours
sprachkonstrukt2
sonoichi
elite-lite
vigilance
mt-white
neonglow
bella
superslick
sensilla
xin
timecrunch
orangy
coffee
red-nylon
tech2
takteek01
flexi-blue
dancing-in-the-moonlight
buddypress-colours
mysense1
dum-dum
wp-marketingstrap
farad
connections-reloaded
oh
illuminate
citizen-journal
contrast-style
autoadjust
varg
wooden-mannequin
epione
basic-law
contrast-style
threattocreativity
shades
blossom
easy
celine
wp-framework
cell
blue-peace
iblog
orchid
daffodil
smooci-2
girl
daffodil
smooci-2
girl
shinra-of-the-sun
blue-lines
howard-simple
albizia
redesign
frente
crucial
oulipo
auroral-theme
the-common-blog
cheer
major-media
my-life
mosaic
origami-evergreen
winter
heavenly
typo-o-graphy
exray
wp-strapslider-lite
wpfolio
food-and-diet
impulse
zeepersonal
tribbiani
lithium
harmony-2-0
lingonberry
chun
newsworthy
wp-flatthirteen
dinky
m1
dine-with-me
vcard
the-go-green-theme
mountain-creek
wp-knowledge-base
infinitano
f2
clean-black
annarita
gimliii
portal
holi
its-a-girl
brand-new-day
creativemag
matala
veryplaintxt
distinction
custom
application
news
thea
my-depressive
best-corporate
sweet-tech
my-contrastica-under-construction
grey-opaque
elbee-elgee
publish
hey-cookie
tdsimple
brunelleschi
quickchic
cleanr
stitch
cute-frames
rcg-forest
vertigo
wordsmith-anvil
duotone
ranunculus
fanoe
grisaille
d5-colorful
trending
shiword
fruit-shake
wpstart
magomra
firstyme
diginews
my-wooden-under-construction
annotum-base
black-rider
picochic
tpsunrise
infinity
simplenotes
optimize
cherry-blossom
themolio
amdhas
vintage-camera
hannari
basically
espressionista
bootstrap-basic
strawberry-blend
zeelinear
ping
orange
wp-strapgrid-lite
scrappy
able
elucidate
green-eye
foghorn
newsframe
landline
narga
zeecompany
runo-lite
houston
purple-pro
mobile
canonical
chip-zero
panels
vacuous
summit-lite
simplex
tuesday
cazuela
twentyxs
box-of-boom
goodtheme-lead
lovebirds
mt-dark
strange-little-town
kabbo
tiger
strange-little-town
clear
northern-web-coders
wp-strapfolio
arjuna-x
creare-site
pinblue
fastfood
layers
elements-of-seo
mxs
whispy
alpha-forte
alpha-forte
orbit
pure-line
nest
dusky
exact
silver-blue
mountain
hdboilerplate
canyon
zombie-apocalypse
hypochondria
opus
prose
pool
pool
bbpress-twenty-ten
birdflat
bluesip
lysa
radius
blueberry
sempress
tender-spring
snow-summit
simvance
my-white
my-engine
atheros
intrepidity
cakifo
sonar
syn
liasblueworld
utility
default
birdtips
simply-works-core
asusena
d5-smartia
launchpad
hro
chip-life
fusion
tweaker4
premium-style
dot-b
simon-wp-framework
billydroid
alice
status
blackmesa
parallax-effect
chiron
adroa
alpha
smartone
ocular-professor
web-minimalist-200901
debut
aura
appointway
personal-journal
wu-wei
nona
the-j-a-mortram
bloxy-two
artcity
snowberry
magup
babylog
deux-milles-douze
blue-basic
zeereputation
webvideo
journal-box
ice-breaker
sidekick
rockers
luxury
living-journal
doc
cave
multi-color
my-way
ground-floor
clear-style
modern-multipurpose
business-casual
discussion
redline
greyzed
newsmin
polaris
smartbiz
ready2launch
required
silesia
2013-blue-sequence
purple-pastels
redbel
inferno-mf
primepress
responsivitis
yb-light
sketchbook
frantic
sagan
haunted-house
k2
burning-bush
kvarken
fancier
mumrik
satu
my-money
something-fishy
uptown
my-zebra
citrus-mix
auroral-theme
the-common-blog
major-media
seasons-theme-autumn
jc-one-lite
third-style
serena
violinesth-forever
andrea
orange-and-black
minimalism
modern-green-theme
codium
elegant-brit-b
white-as-milk
crisp-persona
birdmagazine
irrigation
the-night-watch
divine
_second-foundation
mimbolove
ar
atmosphere-2010
tagebuch
cobalt-blue
coffee-desk
blogfolio
safitech
groundwork
aldus
water
the-knife-wp
exility-light
phantom
scherzo
bikaner
esther
monochrome
live
hanging
alibi
alpha-nexus
writer
newstone
os-blue-sky
grain
greenleaf
tabula-rosa
blueline
shelter
dream-in-infrared
live-color
vina
headless
essence
dknote
yboris
sunset-theme
feed-me-seymour
black-skyline
infoist
themage
red-modern
spirit
pressplay
scrapbook
green-apples
an-ordinary-theme
supermodne
lenora
breezing
neo_wdl
sls
fuzz
neo_wdl
sls
fuzz
jaguza
sparkles-nursery
harvest
the-bizness
jenny
art-blogazine
chinese-love
planetemo
evening-shade
maze
anfaust
exciter
simple-classic
hanamoto
follow-me-darling
allure-real-estate-theme-for-placester
tanzaku
litesta
baltimore-phototheme
showcase
our-rights
anfaust
exciter
mad-meg
japan-style
monster
aapna
aapna
win7blog
furry-family
kotenhanagara
redtopia
rotate-text
ma8
librio
calotropis
nearly-sprung
infosource
2013-green
grassland
claydell-media
glowing-amber
glowing-amber
the-fundamentals-of-graphic-design
azul
cycnus
life-is-simple
simplistic
rolas-sepuluh
random-background
blocks2
softgreen
almanac
killerlight
inanis-glass
dk
fluid-blue
softgreen
almanac
killerlight
inanis-glass
dk
tellypress
twist-of-ten
landzilla
xmark
blue-with-grey
nature
renownedmint
fiver
rgb
happy-cyclope
supermoon
aurelia
avenue-k9-buddypress-buddypack
shaan
dynablue
dark-marble
capricorn
tellypress
multiflex-4
color-shading
clear-seo-blue-eng
news-leak
tdtasko
2013-green-sequence
organic-theme
2013-green-sequence
organic-theme
tdtasko
selalu-ceria
tweetmeblue
snc-mono
pyrmont-v2
pretty-theme
jq
gray-and-square
icontent
codepeople-light
floral-belle
jet
corporate
floral-belle
jet
corporate
wp-strapthirteen
baris
translucent-fluidity-2
black-hat
gradient
celestial-aura
gone-fishing
embed
glass
readr
esther-artistic
deep-silent
brown-ish-grid
wood-is-good
translucent-fluidity-2
gravel
dodo
typografia
lavinya-black
halloween
lukoo
styleicious
zindi-ii
tweaker3
thatgolf-theme
stack
simplue
orange-coffee
blass2
nano-blogger
chocolate-lite
bombax
state-of-mind
sunshine
acid-rain
my-notes
gravel
voodoo-empire-2
german-newspaper
river-of-silver
chocotheme
squared
love-the-orange
rostar
dfblog
voodoo-empire-2
german-newspaper
river-of-silver
chocotheme
squared
noble
softly
reposter
vita
wp386
wp-parastrap
hope
wp-parastrap
hope
cloudy
bp-fakename
1024px
screwdriver
piano-black
baughxie
disconnected
asokay
edegree
brownline
red-light
autumn-almanac
twilight-crown
